{"asctime": "2025-11-27 09:58:29,584", "levelname": "INFO", "name": "appointments", "message": "Starting background workers", "appointment_id": null, "client_request_id": null, "event": "startup", "taskName": "Task-2"}
{"asctime": "2025-11-27 10:17:05,621", "levelname": "INFO", "name": "appointments", "message": "Stopping background workers", "appointment_id": null, "client_request_id": null, "event": "shutdown", "taskName": "Task-2"}
{"asctime": "2025-11-27 10:23:55,258", "levelname": "INFO", "name": "appointments", "message": "Starting background workers", "appointment_id": null, "client_request_id": null, "event": "startup", "taskName": "Task-2"}
{"asctime": "2025-11-27 10:25:25,656", "levelname": "INFO", "name": "appointments", "message": "Stopping background workers", "appointment_id": null, "client_request_id": null, "event": "shutdown", "taskName": "Task-2"}
{"asctime": "2025-11-27 10:32:17,524", "levelname": "INFO", "name": "appointments", "message": "Starting background workers", "appointment_id": null, "client_request_id": null, "event": "startup", "taskName": "Task-2"}
{"asctime": "2025-11-27 10:32:39,849", "levelname": "INFO", "name": "appointments", "message": "Starting background workers", "appointment_id": null, "client_request_id": null, "event": "startup", "taskName": "Task-2"}
{"asctime": "2025-11-27 10:32:39,862", "levelname": "INFO", "name": "appointments", "message": "Received confirm request", "appointment_id": null, "client_request_id": "req_normal_1", "event": "request.start", "slot_id": "slot_101", "taskName": "Task-9"}
{"asctime": "2025-11-27 10:32:41,712", "levelname": "INFO", "name": "appointments", "message": "Processing outbox 1", "appointment_id": 1, "client_request_id": "req_normal_1", "event": "outbox.process", "taskName": "Task-3"}
{"asctime": "2025-11-27 10:32:42,060", "levelname": "INFO", "name": "appointments", "message": "Appointment created and calendar confirmed", "appointment_id": 1, "client_request_id": "req_normal_1", "event": "appointment.success", "taskName": "Task-9"}
{"asctime": "2025-11-27 10:32:42,072", "levelname": "INFO", "name": "appointments", "message": "Received confirm request", "appointment_id": null, "client_request_id": "req_timeout_1", "event": "request.start", "slot_id": "slot_102", "taskName": "Task-11"}
{"asctime": "2025-11-27 10:32:42,383", "levelname": "INFO", "name": "appointments", "message": "Appointment created and calendar confirmed", "appointment_id": 2, "client_request_id": "req_timeout_1", "event": "appointment.success", "taskName": "Task-11"}
{"asctime": "2025-11-27 10:32:42,387", "levelname": "INFO", "name": "appointments", "message": "Received confirm request", "appointment_id": null, "client_request_id": "req_idempotent_1", "event": "request.start", "slot_id": "slot_103", "taskName": "Task-13"}
{"asctime": "2025-11-27 10:32:42,684", "levelname": "INFO", "name": "appointments", "message": "Processing outbox 3", "appointment_id": 3, "client_request_id": "req_idempotent_1", "event": "outbox.process", "taskName": "Task-3"}
{"asctime": "2025-11-27 10:32:43,011", "levelname": "INFO", "name": "appointments", "message": "Appointment created and calendar confirmed", "appointment_id": 3, "client_request_id": "req_idempotent_1", "event": "appointment.success", "taskName": "Task-13"}
{"asctime": "2025-11-27 10:32:43,022", "levelname": "INFO", "name": "appointments", "message": "Received confirm request", "appointment_id": null, "client_request_id": "req_idempotent_1", "event": "request.start", "slot_id": "slot_103", "taskName": "Task-15"}
{"asctime": "2025-11-27 10:32:43,023", "levelname": "INFO", "name": "appointments", "message": "Idempotent request detected", "appointment_id": 3, "client_request_id": "req_idempotent_1", "event": "idempotency.hit", "taskName": "Task-15"}
{"asctime": "2025-11-27 10:32:43,026", "levelname": "INFO", "name": "appointments", "message": "Received confirm request", "appointment_id": null, "client_request_id": "req_partial_1", "event": "request.start", "slot_id": "slot_104", "taskName": "Task-17"}
{"asctime": "2025-11-27 10:32:43,343", "levelname": "INFO", "name": "appointments", "message": "Appointment created and calendar confirmed", "appointment_id": 4, "client_request_id": "req_partial_1", "event": "appointment.success", "taskName": "Task-17"}
{"asctime": "2025-11-27 10:32:43,346", "levelname": "INFO", "name": "appointments", "message": "Received confirm request", "appointment_id": null, "client_request_id": "req_audit_1", "event": "request.start", "slot_id": "slot_105", "taskName": "Task-19"}
{"asctime": "2025-11-27 10:40:17,749", "levelname": "INFO", "name": "appointments", "message": "Starting background workers", "appointment_id": null, "client_request_id": null, "event": "startup", "taskName": "Task-2"}
{"asctime": "2025-11-27 10:40:30,191", "levelname": "INFO", "name": "appointments", "message": "Stopping background workers", "appointment_id": null, "client_request_id": null, "event": "shutdown", "taskName": "Task-2"}
{"asctime": "2025-11-27 10:40:48,296", "levelname": "INFO", "name": "appointments", "message": "Starting background workers", "appointment_id": null, "client_request_id": null, "event": "startup", "taskName": "Task-2"}
{"asctime": "2025-11-27 10:40:48,730", "levelname": "INFO", "name": "appointments", "message": "Received confirm request", "appointment_id": null, "client_request_id": "req_normal_1", "event": "request.start", "slot_id": "slot_101", "taskName": "Task-9"}
{"asctime": "2025-11-27 10:40:50,672", "levelname": "INFO", "name": "appointments", "message": "Processing outbox 1", "appointment_id": 1, "client_request_id": "req_normal_1", "event": "outbox.process", "taskName": "Task-3"}
{"asctime": "2025-11-27 10:40:51,027", "levelname": "INFO", "name": "appointments", "message": "Appointment created and calendar confirmed", "appointment_id": 1, "client_request_id": "req_normal_1", "event": "appointment.success", "taskName": "Task-9"}
{"asctime": "2025-11-27 10:40:51,037", "levelname": "INFO", "name": "appointments", "message": "Received confirm request", "appointment_id": null, "client_request_id": "req_timeout_1", "event": "request.start", "slot_id": "slot_102", "taskName": "Task-11"}
{"asctime": "2025-11-27 10:40:51,355", "levelname": "INFO", "name": "appointments", "message": "Appointment created and calendar confirmed", "appointment_id": 2, "client_request_id": "req_timeout_1", "event": "appointment.success", "taskName": "Task-11"}
{"asctime": "2025-11-27 10:40:51,359", "levelname": "INFO", "name": "appointments", "message": "Received confirm request", "appointment_id": null, "client_request_id": "req_idempotent_1", "event": "request.start", "slot_id": "slot_103", "taskName": "Task-13"}
{"asctime": "2025-11-27 10:40:51,664", "levelname": "INFO", "name": "appointments", "message": "Processing outbox 3", "appointment_id": 3, "client_request_id": "req_idempotent_1", "event": "outbox.process", "taskName": "Task-3"}
{"asctime": "2025-11-27 10:40:52,011", "levelname": "INFO", "name": "appointments", "message": "Appointment created and calendar confirmed", "appointment_id": 3, "client_request_id": "req_idempotent_1", "event": "appointment.success", "taskName": "Task-13"}
{"asctime": "2025-11-27 10:40:52,023", "levelname": "INFO", "name": "appointments", "message": "Received confirm request", "appointment_id": null, "client_request_id": "req_idempotent_1", "event": "request.start", "slot_id": "slot_103", "taskName": "Task-15"}
{"asctime": "2025-11-27 10:40:52,024", "levelname": "INFO", "name": "appointments", "message": "Idempotent request detected", "appointment_id": 3, "client_request_id": "req_idempotent_1", "event": "idempotency.hit", "taskName": "Task-15"}
{"asctime": "2025-11-27 10:40:52,028", "levelname": "INFO", "name": "appointments", "message": "Received confirm request", "appointment_id": null, "client_request_id": "req_partial_1", "event": "request.start", "slot_id": "slot_104", "taskName": "Task-17"}
{"asctime": "2025-11-27 10:40:52,351", "levelname": "INFO", "name": "appointments", "message": "Appointment created and calendar confirmed", "appointment_id": 4, "client_request_id": "req_partial_1", "event": "appointment.success", "taskName": "Task-17"}
{"asctime": "2025-11-27 10:40:52,355", "levelname": "INFO", "name": "appointments", "message": "Received confirm request", "appointment_id": null, "client_request_id": "req_audit_1", "event": "request.start", "slot_id": "slot_105", "taskName": "Task-19"}
{"asctime": "2025-11-27 10:49:54,061", "levelname": "INFO", "name": "appointments", "message": "Starting background workers", "appointment_id": null, "client_request_id": null, "event": "startup", "taskName": "Task-2"}
{"asctime": "2025-11-27 10:49:54,339", "levelname": "INFO", "name": "appointments", "message": "Received confirm request", "appointment_id": null, "client_request_id": "req_normal_1", "event": "request.start", "slot_id": "slot_101", "taskName": "Task-9"}
{"asctime": "2025-11-27 10:49:54,850", "levelname": "INFO", "name": "appointments", "message": "Processing outbox 1", "appointment_id": 1, "client_request_id": "req_normal_1", "event": "outbox.process", "taskName": "Task-3"}
{"asctime": "2025-11-27 10:49:55,156", "levelname": "INFO", "name": "appointments", "message": "Appointment created and calendar confirmed", "appointment_id": 1, "client_request_id": "req_normal_1", "event": "appointment.success", "taskName": "Task-9"}
{"asctime": "2025-11-27 10:49:55,165", "levelname": "INFO", "name": "appointments", "message": "Received confirm request", "appointment_id": null, "client_request_id": "req_timeout_1", "event": "request.start", "slot_id": "slot_102", "taskName": "Task-11"}
{"asctime": "2025-11-27 10:49:55,478", "levelname": "INFO", "name": "appointments", "message": "Appointment created and calendar confirmed", "appointment_id": 2, "client_request_id": "req_timeout_1", "event": "appointment.success", "taskName": "Task-11"}
{"asctime": "2025-11-27 10:49:55,503", "levelname": "INFO", "name": "appointments", "message": "Received confirm request", "appointment_id": null, "client_request_id": "req_idempotent_1", "event": "request.start", "slot_id": "slot_103", "taskName": "Task-13"}
{"asctime": "2025-11-27 10:49:55,801", "levelname": "INFO", "name": "appointments", "message": "Processing outbox 3", "appointment_id": 3, "client_request_id": "req_idempotent_1", "event": "outbox.process", "taskName": "Task-3"}
{"asctime": "2025-11-27 10:49:56,111", "levelname": "INFO", "name": "appointments", "message": "Appointment created and calendar confirmed", "appointment_id": 3, "client_request_id": "req_idempotent_1", "event": "appointment.success", "taskName": "Task-13"}
{"asctime": "2025-11-27 10:49:56,119", "levelname": "INFO", "name": "appointments", "message": "Received confirm request", "appointment_id": null, "client_request_id": "req_idempotent_1", "event": "request.start", "slot_id": "slot_103", "taskName": "Task-15"}
{"asctime": "2025-11-27 10:49:56,120", "levelname": "INFO", "name": "appointments", "message": "Idempotent request detected", "appointment_id": 3, "client_request_id": "req_idempotent_1", "event": "idempotency.hit", "taskName": "Task-15"}
{"asctime": "2025-11-27 10:49:56,141", "levelname": "INFO", "name": "appointments", "message": "Received confirm request", "appointment_id": null, "client_request_id": "req_partial_1", "event": "request.start", "slot_id": "slot_104", "taskName": "Task-17"}
{"asctime": "2025-11-27 10:49:56,459", "levelname": "INFO", "name": "appointments", "message": "Appointment created and calendar confirmed", "appointment_id": 4, "client_request_id": "req_partial_1", "event": "appointment.success", "taskName": "Task-17"}
{"asctime": "2025-11-27 10:49:56,474", "levelname": "INFO", "name": "appointments", "message": "Received confirm request", "appointment_id": null, "client_request_id": "req_audit_1", "event": "request.start", "slot_id": "slot_105", "taskName": "Task-19"}
{"asctime": "2025-11-27 10:52:55,677", "levelname": "INFO", "name": "appointments", "message": "Starting background workers", "appointment_id": null, "client_request_id": null, "event": "startup", "taskName": "Task-2"}
{"asctime": "2025-11-27 10:52:55,891", "levelname": "INFO", "name": "appointments", "message": "Received confirm request", "appointment_id": null, "client_request_id": "req_normal_1", "event": "request.start", "slot_id": "slot_101", "taskName": "Task-9"}
{"asctime": "2025-11-27 10:52:56,385", "levelname": "INFO", "name": "appointments", "message": "Processing outbox 1", "appointment_id": 1, "client_request_id": "req_normal_1", "event": "outbox.process", "taskName": "Task-3"}
{"asctime": "2025-11-27 10:52:56,719", "levelname": "INFO", "name": "appointments", "message": "Appointment created and calendar confirmed", "appointment_id": 1, "client_request_id": "req_normal_1", "event": "appointment.success", "taskName": "Task-9"}
{"asctime": "2025-11-27 10:52:56,729", "levelname": "INFO", "name": "appointments", "message": "Received confirm request", "appointment_id": null, "client_request_id": "req_timeout_1", "event": "request.start", "slot_id": "slot_102", "taskName": "Task-11"}
{"asctime": "2025-11-27 10:52:57,236", "levelname": "INFO", "name": "appointments", "message": "Processing outbox 2", "appointment_id": 2, "client_request_id": "req_timeout_1", "event": "outbox.process", "taskName": "Task-3"}
{"asctime": "2025-11-27 10:53:06,476", "levelname": "ERROR", "name": "appointments", "message": "Calendar sync failed, appointment rolled back", "appointment_id": 2, "client_request_id": "req_timeout_1", "event": "appointment.rollback", "calendar_error": "Timeout/NetworkError", "taskName": "Task-11"}
{"asctime": "2025-11-27 10:53:06,491", "levelname": "INFO", "name": "appointments", "message": "Received confirm request", "appointment_id": null, "client_request_id": "req_idempotent_1", "event": "request.start", "slot_id": "slot_103", "taskName": "Task-13"}
{"asctime": "2025-11-27 10:53:06,512", "levelname": "ERROR", "name": "appointments", "message": "Calendar sync failed, appointment rolled back", "appointment_id": 3, "client_request_id": "req_idempotent_1", "event": "appointment.rollback", "calendar_error": "CircuitBreakerOpen", "taskName": "Task-13"}
{"asctime": "2025-11-27 10:53:06,529", "levelname": "INFO", "name": "appointments", "message": "Received confirm request", "appointment_id": null, "client_request_id": "req_idempotent_1", "event": "request.start", "slot_id": "slot_103", "taskName": "Task-15"}
{"asctime": "2025-11-27 10:53:06,550", "levelname": "ERROR", "name": "appointments", "message": "Calendar sync failed, appointment rolled back", "appointment_id": 4, "client_request_id": "req_idempotent_1", "event": "appointment.rollback", "calendar_error": "CircuitBreakerOpen", "taskName": "Task-15"}
{"asctime": "2025-11-27 10:53:06,553", "levelname": "INFO", "name": "appointments", "message": "Received confirm request", "appointment_id": null, "client_request_id": "req_partial_1", "event": "request.start", "slot_id": "slot_104", "taskName": "Task-17"}
{"asctime": "2025-11-27 10:53:06,568", "levelname": "ERROR", "name": "appointments", "message": "Calendar sync failed, appointment rolled back", "appointment_id": 5, "client_request_id": "req_partial_1", "event": "appointment.rollback", "calendar_error": "CircuitBreakerOpen", "taskName": "Task-17"}
{"asctime": "2025-11-27 10:54:54,327", "levelname": "INFO", "name": "appointments", "message": "Starting background workers", "appointment_id": null, "client_request_id": null, "event": "startup", "taskName": "Task-2"}
{"asctime": "2025-11-27 10:54:54,592", "levelname": "INFO", "name": "appointments", "message": "Received confirm request", "appointment_id": null, "client_request_id": "req_normal_1", "event": "request.start", "slot_id": "slot_101", "taskName": "Task-11"}
{"asctime": "2025-11-27 10:54:55,094", "levelname": "INFO", "name": "appointments", "message": "Processing outbox 1", "appointment_id": 1, "client_request_id": "req_normal_1", "event": "outbox.process", "taskName": "Task-3"}
{"asctime": "2025-11-27 10:54:55,390", "levelname": "INFO", "name": "appointments", "message": "Appointment created and calendar confirmed", "appointment_id": 1, "client_request_id": "req_normal_1", "event": "appointment.success", "taskName": "Task-11"}
{"asctime": "2025-11-27 10:54:55,439", "levelname": "INFO", "name": "appointments", "message": "Received confirm request", "appointment_id": null, "client_request_id": "req_timeout_1", "event": "request.start", "slot_id": "slot_102", "taskName": "Task-15"}
{"asctime": "2025-11-27 10:54:55,904", "levelname": "INFO", "name": "appointments", "message": "Processing outbox 2", "appointment_id": 2, "client_request_id": "req_timeout_1", "event": "outbox.process", "taskName": "Task-3"}
{"asctime": "2025-11-27 10:55:05,322", "levelname": "ERROR", "name": "appointments", "message": "Calendar sync failed, appointment rolled back", "appointment_id": 2, "client_request_id": "req_timeout_1", "event": "appointment.rollback", "calendar_error": "Timeout/NetworkError", "taskName": "Task-15"}
{"asctime": "2025-11-27 10:55:05,379", "levelname": "INFO", "name": "appointments", "message": "Received confirm request", "appointment_id": null, "client_request_id": "req_idempotent_1", "event": "request.start", "slot_id": "slot_103", "taskName": "Task-19"}
{"asctime": "2025-11-27 10:55:05,400", "levelname": "ERROR", "name": "appointments", "message": "Calendar sync failed, appointment rolled back", "appointment_id": 3, "client_request_id": "req_idempotent_1", "event": "appointment.rollback", "calendar_error": "CircuitBreakerOpen", "taskName": "Task-19"}
{"asctime": "2025-11-27 10:55:05,423", "levelname": "INFO", "name": "appointments", "message": "Received confirm request", "appointment_id": null, "client_request_id": "req_idempotent_1", "event": "request.start", "slot_id": "slot_103", "taskName": "Task-21"}
{"asctime": "2025-11-27 10:55:05,444", "levelname": "ERROR", "name": "appointments", "message": "Calendar sync failed, appointment rolled back", "appointment_id": 4, "client_request_id": "req_idempotent_1", "event": "appointment.rollback", "calendar_error": "CircuitBreakerOpen", "taskName": "Task-21"}
{"asctime": "2025-11-27 10:55:05,476", "levelname": "INFO", "name": "appointments", "message": "Received confirm request", "appointment_id": null, "client_request_id": "req_partial_1", "event": "request.start", "slot_id": "slot_104", "taskName": "Task-25"}
{"asctime": "2025-11-27 10:55:05,497", "levelname": "ERROR", "name": "appointments", "message": "Calendar sync failed, appointment rolled back", "appointment_id": 5, "client_request_id": "req_partial_1", "event": "appointment.rollback", "calendar_error": "CircuitBreakerOpen", "taskName": "Task-25"}
{"asctime": "2025-11-27 10:57:04,283", "levelname": "INFO", "name": "appointments", "message": "Starting background workers", "appointment_id": null, "client_request_id": null, "event": "startup", "taskName": "Task-2"}
{"asctime": "2025-11-27 10:57:04,380", "levelname": "INFO", "name": "appointments", "message": "Received confirm request", "appointment_id": null, "client_request_id": "req_normal_1", "event": "request.start", "slot_id": "slot_101", "taskName": "Task-11"}
{"asctime": "2025-11-27 10:57:04,937", "levelname": "INFO", "name": "appointments", "message": "Processing outbox 1", "appointment_id": 1, "client_request_id": "req_normal_1", "event": "outbox.process", "taskName": "Task-3"}
{"asctime": "2025-11-27 10:57:05,254", "levelname": "INFO", "name": "appointments", "message": "Appointment created and calendar confirmed", "appointment_id": 1, "client_request_id": "req_normal_1", "event": "appointment.success", "taskName": "Task-11"}
{"asctime": "2025-11-27 10:57:05,274", "levelname": "INFO", "name": "appointments", "message": "Received confirm request", "appointment_id": null, "client_request_id": "req_timeout_1", "event": "request.start", "slot_id": "slot_102", "taskName": "Task-15"}
{"asctime": "2025-11-27 10:57:05,771", "levelname": "INFO", "name": "appointments", "message": "Processing outbox 2", "appointment_id": 2, "client_request_id": "req_timeout_1", "event": "outbox.process", "taskName": "Task-3"}
{"asctime": "2025-11-27 10:57:15,317", "levelname": "ERROR", "name": "appointments", "message": "Calendar sync failed, appointment rolled back", "appointment_id": 2, "client_request_id": "req_timeout_1", "event": "appointment.rollback", "calendar_error": "Timeout/NetworkError", "taskName": "Task-15"}
{"asctime": "2025-11-27 10:57:15,368", "levelname": "INFO", "name": "appointments", "message": "Received confirm request", "appointment_id": null, "client_request_id": "req_idempotent_1", "event": "request.start", "slot_id": "slot_103", "taskName": "Task-19"}
{"asctime": "2025-11-27 10:57:15,393", "levelname": "ERROR", "name": "appointments", "message": "Calendar sync failed, appointment rolled back", "appointment_id": 3, "client_request_id": "req_idempotent_1", "event": "appointment.rollback", "calendar_error": "CircuitBreakerOpen", "taskName": "Task-19"}
{"asctime": "2025-11-27 10:57:15,416", "levelname": "INFO", "name": "appointments", "message": "Received confirm request", "appointment_id": null, "client_request_id": "req_idempotent_1", "event": "request.start", "slot_id": "slot_103", "taskName": "Task-21"}
{"asctime": "2025-11-27 10:57:15,443", "levelname": "ERROR", "name": "appointments", "message": "Calendar sync failed, appointment rolled back", "appointment_id": 4, "client_request_id": "req_idempotent_1", "event": "appointment.rollback", "calendar_error": "CircuitBreakerOpen", "taskName": "Task-21"}
{"asctime": "2025-11-27 10:57:15,484", "levelname": "INFO", "name": "appointments", "message": "Received confirm request", "appointment_id": null, "client_request_id": "req_partial_1", "event": "request.start", "slot_id": "slot_104", "taskName": "Task-25"}
{"asctime": "2025-11-27 10:57:15,513", "levelname": "ERROR", "name": "appointments", "message": "Calendar sync failed, appointment rolled back", "appointment_id": 5, "client_request_id": "req_partial_1", "event": "appointment.rollback", "calendar_error": "CircuitBreakerOpen", "taskName": "Task-25"}
{"asctime": "2025-11-27 10:58:30,154", "levelname": "INFO", "name": "appointments", "message": "Starting background workers", "appointment_id": null, "client_request_id": null, "event": "startup", "taskName": "Task-2"}
{"asctime": "2025-11-27 10:58:30,699", "levelname": "INFO", "name": "appointments", "message": "Received confirm request", "appointment_id": null, "client_request_id": "req_normal_1", "event": "request.start", "slot_id": "slot_101", "taskName": "Task-11"}
{"asctime": "2025-11-27 10:58:30,712", "levelname": "DEBUG", "name": "appointments", "message": "create_booking attempt start", "appointment_id": null, "client_request_id": "req_normal_1", "event": null, "slot_id": "slot_101", "mode": null, "CB_FAILURES": 0, "CB_TRIPPED_AT": null, "taskName": "Task-11"}
{"asctime": "2025-11-27 10:58:31,212", "levelname": "INFO", "name": "appointments", "message": "Processing outbox 1", "appointment_id": 1, "client_request_id": "req_normal_1", "event": "outbox.process", "taskName": "Task-3"}
{"asctime": "2025-11-27 10:58:31,212", "levelname": "DEBUG", "name": "appointments", "message": "create_booking attempt start", "appointment_id": null, "client_request_id": "req_normal_1", "event": null, "slot_id": "slot_101", "mode": null, "CB_FAILURES": 0, "CB_TRIPPED_AT": null, "taskName": "Task-3"}
{"asctime": "2025-11-27 10:58:31,514", "levelname": "INFO", "name": "appointments", "message": "Appointment created and calendar confirmed", "appointment_id": 1, "client_request_id": "req_normal_1", "event": "appointment.success", "taskName": "Task-11"}
{"asctime": "2025-11-27 10:58:31,566", "levelname": "INFO", "name": "appointments", "message": "Received confirm request", "appointment_id": null, "client_request_id": "req_timeout_1", "event": "request.start", "slot_id": "slot_102", "taskName": "Task-15"}
{"asctime": "2025-11-27 10:58:31,577", "levelname": "DEBUG", "name": "appointments", "message": "create_booking attempt start", "appointment_id": null, "client_request_id": "req_timeout_1", "event": null, "slot_id": "slot_102", "mode": "timeout", "CB_FAILURES": 0, "CB_TRIPPED_AT": null, "taskName": "Task-15"}
{"asctime": "2025-11-27 10:58:32,027", "levelname": "INFO", "name": "appointments", "message": "Processing outbox 2", "appointment_id": 2, "client_request_id": "req_timeout_1", "event": "outbox.process", "taskName": "Task-3"}
{"asctime": "2025-11-27 10:58:32,027", "levelname": "DEBUG", "name": "appointments", "message": "create_booking attempt start", "appointment_id": null, "client_request_id": "req_timeout_1", "event": null, "slot_id": "slot_102", "mode": "timeout", "CB_FAILURES": 0, "CB_TRIPPED_AT": null, "taskName": "Task-3"}
{"asctime": "2025-11-27 10:58:41,352", "levelname": "ERROR", "name": "appointments", "message": "Calendar sync failed, appointment rolled back", "appointment_id": 2, "client_request_id": "req_timeout_1", "event": "appointment.rollback", "calendar_error": "Timeout/NetworkError", "taskName": "Task-15"}
{"asctime": "2025-11-27 10:58:41,418", "levelname": "INFO", "name": "appointments", "message": "Received confirm request", "appointment_id": null, "client_request_id": "req_idempotent_1", "event": "request.start", "slot_id": "slot_103", "taskName": "Task-19"}
{"asctime": "2025-11-27 10:58:41,431", "levelname": "WARNING", "name": "appointments", "message": "Circuit breaker open", "appointment_id": null, "client_request_id": null, "event": null, "CB_FAILURES": 6, "CB_TRIPPED_AT": 1764212320.4243975, "taskName": "Task-19"}
{"asctime": "2025-11-27 11:02:17,054", "levelname": "INFO", "name": "appointments", "message": "Starting background workers", "appointment_id": null, "client_request_id": null, "event": "startup", "taskName": "Task-2"}
{"asctime": "2025-11-27 11:02:17,509", "levelname": "INFO", "name": "appointments", "message": "Received confirm request", "appointment_id": null, "client_request_id": "req_normal_1", "event": "request.start", "slot_id": "slot_101", "taskName": "Task-11"}
{"asctime": "2025-11-27 11:02:17,520", "levelname": "DEBUG", "name": "appointments", "message": "create_booking attempt start", "appointment_id": null, "client_request_id": "req_normal_1", "event": null, "slot_id": "slot_101", "mode": null, "CB_FAILURES": 0, "CB_TRIPPED_AT": null, "taskName": "Task-11"}
{"asctime": "2025-11-27 11:02:18,252", "levelname": "INFO", "name": "appointments", "message": "Processing outbox 1", "appointment_id": 1, "client_request_id": "req_normal_1", "event": "outbox.process", "taskName": "Task-3"}
{"asctime": "2025-11-27 11:02:18,252", "levelname": "DEBUG", "name": "appointments", "message": "create_booking attempt start", "appointment_id": null, "client_request_id": "req_normal_1", "event": null, "slot_id": "slot_101", "mode": null, "CB_FAILURES": 0, "CB_TRIPPED_AT": null, "taskName": "Task-3"}
{"asctime": "2025-11-27 11:02:18,731", "levelname": "INFO", "name": "appointments", "message": "Appointment created and calendar confirmed", "appointment_id": 1, "client_request_id": "req_normal_1", "event": "appointment.success", "taskName": "Task-11"}
{"asctime": "2025-11-27 11:02:19,958", "levelname": "INFO", "name": "appointments", "message": "Starting background workers", "appointment_id": null, "client_request_id": null, "event": "startup", "taskName": "Task-2"}
{"asctime": "2025-11-27 11:02:20,058", "levelname": "INFO", "name": "appointments", "message": "Received confirm request", "appointment_id": null, "client_request_id": "req_timeout_1", "event": "request.start", "slot_id": "slot_102", "taskName": "Task-11"}
{"asctime": "2025-11-27 11:02:20,070", "levelname": "DEBUG", "name": "appointments", "message": "create_booking attempt start", "appointment_id": null, "client_request_id": "req_timeout_1", "event": null, "slot_id": "slot_102", "mode": "timeout", "CB_FAILURES": 0, "CB_TRIPPED_AT": null, "taskName": "Task-11"}
{"asctime": "2025-11-27 11:02:20,592", "levelname": "INFO", "name": "appointments", "message": "Processing outbox 2", "appointment_id": 2, "client_request_id": "req_timeout_1", "event": "outbox.process", "taskName": "Task-3"}
{"asctime": "2025-11-27 11:02:20,592", "levelname": "DEBUG", "name": "appointments", "message": "create_booking attempt start", "appointment_id": null, "client_request_id": "req_timeout_1", "event": null, "slot_id": "slot_102", "mode": "timeout", "CB_FAILURES": 0, "CB_TRIPPED_AT": null, "taskName": "Task-3"}
{"asctime": "2025-11-27 11:02:31,052", "levelname": "ERROR", "name": "appointments", "message": "Calendar sync failed, appointment rolled back", "appointment_id": 2, "client_request_id": "req_timeout_1", "event": "appointment.rollback", "calendar_error": "Timeout/NetworkError", "taskName": "Task-11"}
{"asctime": "2025-11-27 11:02:32,044", "levelname": "INFO", "name": "appointments", "message": "Starting background workers", "appointment_id": null, "client_request_id": null, "event": "startup", "taskName": "Task-2"}
{"asctime": "2025-11-27 11:02:32,349", "levelname": "INFO", "name": "appointments", "message": "Received confirm request", "appointment_id": null, "client_request_id": "req_idempotent_1", "event": "request.start", "slot_id": "slot_103", "taskName": "Task-11"}
{"asctime": "2025-11-27 11:02:32,362", "levelname": "DEBUG", "name": "appointments", "message": "create_booking attempt start", "appointment_id": null, "client_request_id": "req_idempotent_1", "event": null, "slot_id": "slot_103", "mode": null, "CB_FAILURES": 0, "CB_TRIPPED_AT": null, "taskName": "Task-11"}
{"asctime": "2025-11-27 11:02:32,926", "levelname": "INFO", "name": "appointments", "message": "Processing outbox 3", "appointment_id": 3, "client_request_id": "req_idempotent_1", "event": "outbox.process", "taskName": "Task-3"}
{"asctime": "2025-11-27 11:02:32,926", "levelname": "DEBUG", "name": "appointments", "message": "create_booking attempt start", "appointment_id": null, "client_request_id": "req_idempotent_1", "event": null, "slot_id": "slot_103", "mode": null, "CB_FAILURES": 0, "CB_TRIPPED_AT": null, "taskName": "Task-3"}
{"asctime": "2025-11-27 11:02:43,453", "levelname": "ERROR", "name": "appointments", "message": "Calendar sync failed, appointment rolled back", "appointment_id": 3, "client_request_id": "req_idempotent_1", "event": "appointment.rollback", "calendar_error": "Timeout/NetworkError", "taskName": "Task-11"}
{"asctime": "2025-11-27 11:02:43,475", "levelname": "INFO", "name": "appointments", "message": "Received confirm request", "appointment_id": null, "client_request_id": "req_idempotent_1", "event": "request.start", "slot_id": "slot_103", "taskName": "Task-13"}
{"asctime": "2025-11-27 11:02:43,486", "levelname": "WARNING", "name": "appointments", "message": "Circuit breaker open", "appointment_id": null, "client_request_id": null, "event": null, "CB_FAILURES": 6, "CB_TRIPPED_AT": 1764212561.8247237, "taskName": "Task-13"}
{"asctime": "2025-11-27 11:02:43,496", "levelname": "ERROR", "name": "appointments", "message": "Calendar sync failed, appointment rolled back", "appointment_id": 4, "client_request_id": "req_idempotent_1", "event": "appointment.rollback", "calendar_error": "CircuitBreakerOpen", "taskName": "Task-13"}
{"asctime": "2025-11-27 11:02:44,739", "levelname": "INFO", "name": "appointments", "message": "Starting background workers", "appointment_id": null, "client_request_id": null, "event": "startup", "taskName": "Task-2"}
{"asctime": "2025-11-27 11:02:44,741", "levelname": "INFO", "name": "appointments", "message": "Processing outbox 4", "appointment_id": 4, "client_request_id": "req_idempotent_1", "event": "outbox.process", "taskName": "Task-3"}
{"asctime": "2025-11-27 11:02:44,741", "levelname": "DEBUG", "name": "appointments", "message": "create_booking attempt start", "appointment_id": null, "client_request_id": "req_idempotent_1", "event": null, "slot_id": "slot_103", "mode": null, "CB_FAILURES": 0, "CB_TRIPPED_AT": null, "taskName": "Task-3"}
{"asctime": "2025-11-27 11:02:46,007", "levelname": "INFO", "name": "appointments", "message": "Received confirm request", "appointment_id": null, "client_request_id": "req_partial_1", "event": "request.start", "slot_id": "slot_104", "taskName": "Task-11"}
{"asctime": "2025-11-27 11:02:46,019", "levelname": "DEBUG", "name": "appointments", "message": "create_booking attempt start", "appointment_id": null, "client_request_id": "req_partial_1", "event": null, "slot_id": "slot_104", "mode": "malformed", "CB_FAILURES": 0, "CB_TRIPPED_AT": null, "taskName": "Task-11"}
{"asctime": "2025-11-27 11:02:51,693", "levelname": "INFO", "name": "appointments", "message": "Processing outbox 5", "appointment_id": 5, "client_request_id": "req_partial_1", "event": "outbox.process", "taskName": "Task-3"}
{"asctime": "2025-11-27 11:02:51,693", "levelname": "DEBUG", "name": "appointments", "message": "create_booking attempt start", "appointment_id": null, "client_request_id": "req_partial_1", "event": null, "slot_id": "slot_104", "mode": "malformed", "CB_FAILURES": 0, "CB_TRIPPED_AT": null, "taskName": "Task-3"}
{"asctime": "2025-11-27 11:02:54,103", "levelname": "ERROR", "name": "appointments", "message": "Calendar sync failed, appointment rolled back", "appointment_id": 5, "client_request_id": "req_partial_1", "event": "appointment.rollback", "calendar_error": "Timeout/NetworkError", "taskName": "Task-11"}
{"asctime": "2025-11-27 11:02:55,110", "levelname": "INFO", "name": "appointments", "message": "Starting background workers", "appointment_id": null, "client_request_id": null, "event": "startup", "taskName": "Task-2"}
{"asctime": "2025-11-27 11:02:55,111", "levelname": "INFO", "name": "appointments", "message": "Processing outbox 5", "appointment_id": 5, "client_request_id": "req_partial_1", "event": "outbox.process", "taskName": "Task-3"}
{"asctime": "2025-11-27 11:02:55,111", "levelname": "DEBUG", "name": "appointments", "message": "create_booking attempt start", "appointment_id": null, "client_request_id": "req_partial_1", "event": null, "slot_id": "slot_104", "mode": "malformed", "CB_FAILURES": 0, "CB_TRIPPED_AT": null, "taskName": "Task-3"}
{"asctime": "2025-11-27 11:02:55,907", "levelname": "INFO", "name": "appointments", "message": "Received confirm request", "appointment_id": null, "client_request_id": "req_audit_1", "event": "request.start", "slot_id": "slot_105", "taskName": "Task-11"}
{"asctime": "2025-11-27 11:02:55,921", "levelname": "DEBUG", "name": "appointments", "message": "create_booking attempt start", "appointment_id": null, "client_request_id": "req_audit_1", "event": null, "slot_id": "slot_105", "mode": null, "CB_FAILURES": 1, "CB_TRIPPED_AT": null, "taskName": "Task-11"}
{"asctime": "2025-11-27 11:02:56,532", "levelname": "INFO", "name": "appointments", "message": "Appointment created and calendar confirmed", "appointment_id": 6, "client_request_id": "req_audit_1", "event": "appointment.success", "taskName": "Task-11"}
{"asctime": "2025-11-27 11:04:19,395", "levelname": "INFO", "name": "appointments", "message": "Starting background workers", "appointment_id": null, "client_request_id": null, "event": "startup", "taskName": "Task-2"}
{"asctime": "2025-11-27 11:04:19,910", "levelname": "INFO", "name": "appointments", "message": "Received confirm request", "appointment_id": null, "client_request_id": "req_normal_1", "event": "request.start", "slot_id": "slot_101", "taskName": "Task-11"}
{"asctime": "2025-11-27 11:04:19,921", "levelname": "DEBUG", "name": "appointments", "message": "create_booking attempt start", "appointment_id": null, "client_request_id": "req_normal_1", "event": null, "slot_id": "slot_101", "mode": null, "CB_FAILURES": 0, "CB_TRIPPED_AT": null, "taskName": "Task-11"}
{"asctime": "2025-11-27 11:04:20,514", "levelname": "INFO", "name": "appointments", "message": "Processing outbox 1", "appointment_id": 1, "client_request_id": "req_normal_1", "event": "outbox.process", "taskName": "Task-3"}
{"asctime": "2025-11-27 11:04:20,514", "levelname": "DEBUG", "name": "appointments", "message": "create_booking attempt start", "appointment_id": null, "client_request_id": "req_normal_1", "event": null, "slot_id": "slot_101", "mode": null, "CB_FAILURES": 0, "CB_TRIPPED_AT": null, "taskName": "Task-3"}
{"asctime": "2025-11-27 11:04:20,844", "levelname": "INFO", "name": "appointments", "message": "Appointment created and calendar confirmed", "appointment_id": 1, "client_request_id": "req_normal_1", "event": "appointment.success", "taskName": "Task-11"}
{"asctime": "2025-11-27 11:04:22,008", "levelname": "INFO", "name": "appointments", "message": "Starting background workers", "appointment_id": null, "client_request_id": null, "event": "startup", "taskName": "Task-2"}
{"asctime": "2025-11-27 11:04:22,128", "levelname": "INFO", "name": "appointments", "message": "Received confirm request", "appointment_id": null, "client_request_id": "req_timeout_1", "event": "request.start", "slot_id": "slot_102", "taskName": "Task-11"}
{"asctime": "2025-11-27 11:04:22,142", "levelname": "DEBUG", "name": "appointments", "message": "create_booking attempt start", "appointment_id": null, "client_request_id": "req_timeout_1", "event": null, "slot_id": "slot_102", "mode": "timeout", "CB_FAILURES": 0, "CB_TRIPPED_AT": null, "taskName": "Task-11"}
{"asctime": "2025-11-27 11:04:22,754", "levelname": "INFO", "name": "appointments", "message": "Processing outbox 2", "appointment_id": 2, "client_request_id": "req_timeout_1", "event": "outbox.process", "taskName": "Task-3"}
{"asctime": "2025-11-27 11:04:22,754", "levelname": "DEBUG", "name": "appointments", "message": "create_booking attempt start", "appointment_id": null, "client_request_id": "req_timeout_1", "event": null, "slot_id": "slot_102", "mode": "timeout", "CB_FAILURES": 0, "CB_TRIPPED_AT": null, "taskName": "Task-3"}
{"asctime": "2025-11-27 11:04:33,979", "levelname": "ERROR", "name": "appointments", "message": "Calendar sync failed, appointment rolled back", "appointment_id": 2, "client_request_id": "req_timeout_1", "event": "appointment.rollback", "calendar_error": "Timeout/NetworkError", "taskName": "Task-11"}
{"asctime": "2025-11-27 11:04:35,149", "levelname": "INFO", "name": "appointments", "message": "Starting background workers", "appointment_id": null, "client_request_id": null, "event": "startup", "taskName": "Task-2"}
{"asctime": "2025-11-27 11:04:35,244", "levelname": "INFO", "name": "appointments", "message": "Received confirm request", "appointment_id": null, "client_request_id": "req_idempotent_success_1", "event": "request.start", "slot_id": "slot_103", "taskName": "Task-11"}
{"asctime": "2025-11-27 11:04:35,255", "levelname": "DEBUG", "name": "appointments", "message": "create_booking attempt start", "appointment_id": null, "client_request_id": "req_idempotent_success_1", "event": null, "slot_id": "slot_103", "mode": null, "CB_FAILURES": 0, "CB_TRIPPED_AT": null, "taskName": "Task-11"}
{"asctime": "2025-11-27 11:04:35,786", "levelname": "INFO", "name": "appointments", "message": "Processing outbox 3", "appointment_id": 3, "client_request_id": "req_idempotent_success_1", "event": "outbox.process", "taskName": "Task-3"}
{"asctime": "2025-11-27 11:04:35,786", "levelname": "DEBUG", "name": "appointments", "message": "create_booking attempt start", "appointment_id": null, "client_request_id": "req_idempotent_success_1", "event": null, "slot_id": "slot_103", "mode": null, "CB_FAILURES": 0, "CB_TRIPPED_AT": null, "taskName": "Task-3"}
{"asctime": "2025-11-27 11:04:46,210", "levelname": "ERROR", "name": "appointments", "message": "Calendar sync failed, appointment rolled back", "appointment_id": 3, "client_request_id": "req_idempotent_success_1", "event": "appointment.rollback", "calendar_error": "Timeout/NetworkError", "taskName": "Task-11"}
{"asctime": "2025-11-27 11:04:46,241", "levelname": "INFO", "name": "appointments", "message": "Received confirm request", "appointment_id": null, "client_request_id": "req_idempotent_success_1", "event": "request.start", "slot_id": "slot_103", "taskName": "Task-13"}
{"asctime": "2025-11-27 11:04:46,253", "levelname": "WARNING", "name": "appointments", "message": "Circuit breaker open", "appointment_id": null, "client_request_id": null, "event": null, "CB_FAILURES": 6, "CB_TRIPPED_AT": 1764212684.5770695, "taskName": "Task-13"}
{"asctime": "2025-11-27 11:04:46,264", "levelname": "ERROR", "name": "appointments", "message": "Calendar sync failed, appointment rolled back", "appointment_id": 4, "client_request_id": "req_idempotent_success_1", "event": "appointment.rollback", "calendar_error": "CircuitBreakerOpen", "taskName": "Task-13"}
{"asctime": "2025-11-27 11:04:47,537", "levelname": "INFO", "name": "appointments", "message": "Starting background workers", "appointment_id": null, "client_request_id": null, "event": "startup", "taskName": "Task-2"}
{"asctime": "2025-11-27 11:04:47,538", "levelname": "INFO", "name": "appointments", "message": "Processing outbox 4", "appointment_id": 4, "client_request_id": "req_idempotent_success_1", "event": "outbox.process", "taskName": "Task-3"}
{"asctime": "2025-11-27 11:04:47,538", "levelname": "DEBUG", "name": "appointments", "message": "create_booking attempt start", "appointment_id": null, "client_request_id": "req_idempotent_success_1", "event": null, "slot_id": "slot_103", "mode": null, "CB_FAILURES": 0, "CB_TRIPPED_AT": null, "taskName": "Task-3"}
{"asctime": "2025-11-27 11:04:48,747", "levelname": "INFO", "name": "appointments", "message": "Received confirm request", "appointment_id": null, "client_request_id": "req_partial_1", "event": "request.start", "slot_id": "slot_104", "taskName": "Task-11"}
{"asctime": "2025-11-27 11:04:48,758", "levelname": "DEBUG", "name": "appointments", "message": "create_booking attempt start", "appointment_id": null, "client_request_id": "req_partial_1", "event": null, "slot_id": "slot_104", "mode": "malformed", "CB_FAILURES": 0, "CB_TRIPPED_AT": null, "taskName": "Task-11"}
{"asctime": "2025-11-27 11:04:55,512", "levelname": "INFO", "name": "appointments", "message": "Processing outbox 5", "appointment_id": 5, "client_request_id": "req_partial_1", "event": "outbox.process", "taskName": "Task-3"}
{"asctime": "2025-11-27 11:04:55,512", "levelname": "DEBUG", "name": "appointments", "message": "create_booking attempt start", "appointment_id": null, "client_request_id": "req_partial_1", "event": null, "slot_id": "slot_104", "mode": "malformed", "CB_FAILURES": 1, "CB_TRIPPED_AT": null, "taskName": "Task-3"}
{"asctime": "2025-11-27 11:04:56,656", "levelname": "ERROR", "name": "appointments", "message": "Calendar sync failed, appointment rolled back", "appointment_id": 5, "client_request_id": "req_partial_1", "event": "appointment.rollback", "calendar_error": "Timeout/NetworkError", "taskName": "Task-11"}
{"asctime": "2025-11-27 11:04:58,185", "levelname": "INFO", "name": "appointments", "message": "Starting background workers", "appointment_id": null, "client_request_id": null, "event": "startup", "taskName": "Task-2"}
{"asctime": "2025-11-27 11:04:58,186", "levelname": "INFO", "name": "appointments", "message": "Processing outbox 5", "appointment_id": 5, "client_request_id": "req_partial_1", "event": "outbox.process", "taskName": "Task-3"}
{"asctime": "2025-11-27 11:04:58,186", "levelname": "DEBUG", "name": "appointments", "message": "create_booking attempt start", "appointment_id": null, "client_request_id": "req_partial_1", "event": null, "slot_id": "slot_104", "mode": "malformed", "CB_FAILURES": 0, "CB_TRIPPED_AT": null, "taskName": "Task-3"}
{"asctime": "2025-11-27 11:04:59,191", "levelname": "INFO", "name": "appointments", "message": "Received confirm request", "appointment_id": null, "client_request_id": "req_audit_1", "event": "request.start", "slot_id": "slot_105", "taskName": "Task-11"}
{"asctime": "2025-11-27 11:04:59,203", "levelname": "DEBUG", "name": "appointments", "message": "create_booking attempt start", "appointment_id": null, "client_request_id": "req_audit_1", "event": null, "slot_id": "slot_105", "mode": null, "CB_FAILURES": 1, "CB_TRIPPED_AT": null, "taskName": "Task-11"}
{"asctime": "2025-11-27 11:04:59,881", "levelname": "INFO", "name": "appointments", "message": "Appointment created and calendar confirmed", "appointment_id": 6, "client_request_id": "req_audit_1", "event": "appointment.success", "taskName": "Task-11"}
{"asctime": "2025-11-27 11:05:27,382", "levelname": "INFO", "name": "appointments", "message": "Starting background workers", "appointment_id": null, "client_request_id": null, "event": "startup", "taskName": "Task-2"}
{"asctime": "2025-11-27 11:05:27,891", "levelname": "INFO", "name": "appointments", "message": "Received confirm request", "appointment_id": null, "client_request_id": "req_normal_1", "event": "request.start", "slot_id": "slot_101", "taskName": "Task-11"}
{"asctime": "2025-11-27 11:05:27,904", "levelname": "DEBUG", "name": "appointments", "message": "create_booking attempt start", "appointment_id": null, "client_request_id": "req_normal_1", "event": null, "slot_id": "slot_101", "mode": null, "CB_FAILURES": 0, "CB_TRIPPED_AT": null, "taskName": "Task-11"}
{"asctime": "2025-11-27 11:05:28,499", "levelname": "INFO", "name": "appointments", "message": "Processing outbox 1", "appointment_id": 1, "client_request_id": "req_normal_1", "event": "outbox.process", "taskName": "Task-3"}
{"asctime": "2025-11-27 11:05:28,499", "levelname": "DEBUG", "name": "appointments", "message": "create_booking attempt start", "appointment_id": null, "client_request_id": "req_normal_1", "event": null, "slot_id": "slot_101", "mode": null, "CB_FAILURES": 0, "CB_TRIPPED_AT": null, "taskName": "Task-3"}
{"asctime": "2025-11-27 11:05:28,865", "levelname": "INFO", "name": "appointments", "message": "Appointment created and calendar confirmed", "appointment_id": 1, "client_request_id": "req_normal_1", "event": "appointment.success", "taskName": "Task-11"}
{"asctime": "2025-11-27 11:05:30,018", "levelname": "INFO", "name": "appointments", "message": "Starting background workers", "appointment_id": null, "client_request_id": null, "event": "startup", "taskName": "Task-2"}
{"asctime": "2025-11-27 11:05:30,185", "levelname": "INFO", "name": "appointments", "message": "Received confirm request", "appointment_id": null, "client_request_id": "req_timeout_1", "event": "request.start", "slot_id": "slot_102", "taskName": "Task-11"}
{"asctime": "2025-11-27 11:05:30,197", "levelname": "DEBUG", "name": "appointments", "message": "create_booking attempt start", "appointment_id": null, "client_request_id": "req_timeout_1", "event": null, "slot_id": "slot_102", "mode": "timeout", "CB_FAILURES": 0, "CB_TRIPPED_AT": null, "taskName": "Task-11"}
{"asctime": "2025-11-27 11:05:30,716", "levelname": "INFO", "name": "appointments", "message": "Processing outbox 2", "appointment_id": 2, "client_request_id": "req_timeout_1", "event": "outbox.process", "taskName": "Task-3"}
{"asctime": "2025-11-27 11:05:30,716", "levelname": "DEBUG", "name": "appointments", "message": "create_booking attempt start", "appointment_id": null, "client_request_id": "req_timeout_1", "event": null, "slot_id": "slot_102", "mode": "timeout", "CB_FAILURES": 0, "CB_TRIPPED_AT": null, "taskName": "Task-3"}
{"asctime": "2025-11-27 11:05:36,031", "levelname": "INFO", "name": "appointments", "message": "Appointment created and calendar confirmed", "appointment_id": 2, "client_request_id": "req_timeout_1", "event": "appointment.success", "taskName": "Task-11"}
{"asctime": "2025-11-27 11:05:37,145", "levelname": "INFO", "name": "appointments", "message": "Starting background workers", "appointment_id": null, "client_request_id": null, "event": "startup", "taskName": "Task-2"}
{"asctime": "2025-11-27 11:05:37,318", "levelname": "INFO", "name": "appointments", "message": "Received confirm request", "appointment_id": null, "client_request_id": "req_idempotent_success_1", "event": "request.start", "slot_id": "slot_103", "taskName": "Task-11"}
{"asctime": "2025-11-27 11:05:37,332", "levelname": "DEBUG", "name": "appointments", "message": "create_booking attempt start", "appointment_id": null, "client_request_id": "req_idempotent_success_1", "event": null, "slot_id": "slot_103", "mode": null, "CB_FAILURES": 0, "CB_TRIPPED_AT": null, "taskName": "Task-11"}
{"asctime": "2025-11-27 11:05:37,835", "levelname": "INFO", "name": "appointments", "message": "Processing outbox 3", "appointment_id": 3, "client_request_id": "req_idempotent_success_1", "event": "outbox.process", "taskName": "Task-3"}
{"asctime": "2025-11-27 11:05:37,835", "levelname": "DEBUG", "name": "appointments", "message": "create_booking attempt start", "appointment_id": null, "client_request_id": "req_idempotent_success_1", "event": null, "slot_id": "slot_103", "mode": null, "CB_FAILURES": 0, "CB_TRIPPED_AT": null, "taskName": "Task-3"}
{"asctime": "2025-11-27 11:05:41,042", "levelname": "INFO", "name": "appointments", "message": "Appointment created and calendar confirmed", "appointment_id": 3, "client_request_id": "req_idempotent_success_1", "event": "appointment.success", "taskName": "Task-11"}
{"asctime": "2025-11-27 11:05:41,059", "levelname": "INFO", "name": "appointments", "message": "Received confirm request", "appointment_id": null, "client_request_id": "req_idempotent_success_1", "event": "request.start", "slot_id": "slot_103", "taskName": "Task-13"}
{"asctime": "2025-11-27 11:05:41,060", "levelname": "INFO", "name": "appointments", "message": "Idempotent request detected", "appointment_id": 3, "client_request_id": "req_idempotent_success_1", "event": "idempotency.hit", "taskName": "Task-13"}
{"asctime": "2025-11-27 11:05:42,211", "levelname": "INFO", "name": "appointments", "message": "Starting background workers", "appointment_id": null, "client_request_id": null, "event": "startup", "taskName": "Task-2"}
{"asctime": "2025-11-27 11:05:42,350", "levelname": "INFO", "name": "appointments", "message": "Received confirm request", "appointment_id": null, "client_request_id": "req_partial_1", "event": "request.start", "slot_id": "slot_104", "taskName": "Task-11"}
{"asctime": "2025-11-27 11:05:42,362", "levelname": "DEBUG", "name": "appointments", "message": "create_booking attempt start", "appointment_id": null, "client_request_id": "req_partial_1", "event": null, "slot_id": "slot_104", "mode": "malformed", "CB_FAILURES": 0, "CB_TRIPPED_AT": null, "taskName": "Task-11"}
{"asctime": "2025-11-27 11:05:42,901", "levelname": "INFO", "name": "appointments", "message": "Processing outbox 4", "appointment_id": 4, "client_request_id": "req_partial_1", "event": "outbox.process", "taskName": "Task-3"}
{"asctime": "2025-11-27 11:05:42,901", "levelname": "DEBUG", "name": "appointments", "message": "create_booking attempt start", "appointment_id": null, "client_request_id": "req_partial_1", "event": null, "slot_id": "slot_104", "mode": "malformed", "CB_FAILURES": 0, "CB_TRIPPED_AT": null, "taskName": "Task-3"}
{"asctime": "2025-11-27 11:05:45,082", "levelname": "ERROR", "name": "appointments", "message": "Calendar sync failed, appointment rolled back", "appointment_id": 4, "client_request_id": "req_partial_1", "event": "appointment.rollback", "calendar_error": "Timeout/NetworkError", "taskName": "Task-11"}
{"asctime": "2025-11-27 11:05:46,194", "levelname": "INFO", "name": "appointments", "message": "Starting background workers", "appointment_id": null, "client_request_id": null, "event": "startup", "taskName": "Task-2"}
{"asctime": "2025-11-27 11:05:46,384", "levelname": "INFO", "name": "appointments", "message": "Received confirm request", "appointment_id": null, "client_request_id": "req_audit_1", "event": "request.start", "slot_id": "slot_105", "taskName": "Task-11"}
{"asctime": "2025-11-27 11:05:46,396", "levelname": "DEBUG", "name": "appointments", "message": "create_booking attempt start", "appointment_id": null, "client_request_id": "req_audit_1", "event": null, "slot_id": "slot_105", "mode": null, "CB_FAILURES": 0, "CB_TRIPPED_AT": null, "taskName": "Task-11"}
{"asctime": "2025-11-27 11:05:46,982", "levelname": "INFO", "name": "appointments", "message": "Processing outbox 5", "appointment_id": 5, "client_request_id": "req_audit_1", "event": "outbox.process", "taskName": "Task-3"}
{"asctime": "2025-11-27 11:05:46,982", "levelname": "DEBUG", "name": "appointments", "message": "create_booking attempt start", "appointment_id": null, "client_request_id": "req_audit_1", "event": null, "slot_id": "slot_105", "mode": null, "CB_FAILURES": 0, "CB_TRIPPED_AT": null, "taskName": "Task-3"}
{"asctime": "2025-11-27 11:05:47,341", "levelname": "INFO", "name": "appointments", "message": "Appointment created and calendar confirmed", "appointment_id": 5, "client_request_id": "req_audit_1", "event": "appointment.success", "taskName": "Task-11"}
{"asctime": "2025-11-27 11:09:09,258", "levelname": "INFO", "name": "appointments", "message": "Starting background workers", "appointment_id": null, "client_request_id": null, "event": "startup", "taskName": "Task-2"}
{"asctime": "2025-11-27 11:09:09,718", "levelname": "INFO", "name": "appointments", "message": "Received confirm request", "appointment_id": null, "client_request_id": "req_normal_1", "event": "request.start", "slot_id": "slot_101", "taskName": "Task-11"}
{"asctime": "2025-11-27 11:09:09,731", "levelname": "DEBUG", "name": "appointments", "message": "create_booking attempt start", "appointment_id": null, "client_request_id": "req_normal_1", "event": null, "slot_id": "slot_101", "mode": null, "CB_FAILURES": 0, "CB_TRIPPED_AT": null, "taskName": "Task-11"}
{"asctime": "2025-11-27 11:09:11,459", "levelname": "INFO", "name": "appointments", "message": "Processing outbox 1", "appointment_id": 1, "client_request_id": "req_normal_1", "event": "outbox.process", "taskName": "Task-3"}
{"asctime": "2025-11-27 11:09:11,459", "levelname": "DEBUG", "name": "appointments", "message": "create_booking attempt start", "appointment_id": null, "client_request_id": "req_normal_1", "event": null, "slot_id": "slot_101", "mode": null, "CB_FAILURES": 0, "CB_TRIPPED_AT": null, "taskName": "Task-3"}
{"asctime": "2025-11-27 11:09:11,771", "levelname": "INFO", "name": "appointments", "message": "Appointment created and calendar confirmed", "appointment_id": 1, "client_request_id": "req_normal_1", "event": "appointment.success", "taskName": "Task-11"}
{"asctime": "2025-11-27 11:09:12,796", "levelname": "INFO", "name": "appointments", "message": "Starting background workers", "appointment_id": null, "client_request_id": null, "event": "startup", "taskName": "Task-2"}
{"asctime": "2025-11-27 11:09:13,078", "levelname": "INFO", "name": "appointments", "message": "Received confirm request", "appointment_id": null, "client_request_id": "req_timeout_1", "event": "request.start", "slot_id": "slot_102", "taskName": "Task-11"}
{"asctime": "2025-11-27 11:09:13,090", "levelname": "DEBUG", "name": "appointments", "message": "create_booking attempt start", "appointment_id": null, "client_request_id": "req_timeout_1", "event": null, "slot_id": "slot_102", "mode": "timeout", "CB_FAILURES": 0, "CB_TRIPPED_AT": null, "taskName": "Task-11"}
{"asctime": "2025-11-27 11:09:13,566", "levelname": "INFO", "name": "appointments", "message": "Processing outbox 2", "appointment_id": 2, "client_request_id": "req_timeout_1", "event": "outbox.process", "taskName": "Task-3"}
{"asctime": "2025-11-27 11:09:13,566", "levelname": "DEBUG", "name": "appointments", "message": "create_booking attempt start", "appointment_id": null, "client_request_id": "req_timeout_1", "event": null, "slot_id": "slot_102", "mode": "timeout", "CB_FAILURES": 0, "CB_TRIPPED_AT": null, "taskName": "Task-3"}
{"asctime": "2025-11-27 11:09:19,684", "levelname": "ERROR", "name": "appointments", "message": "Calendar sync failed, appointment rolled back", "appointment_id": 2, "client_request_id": "req_timeout_1", "event": "appointment.rollback", "calendar_error": "Timeout/NetworkError", "taskName": "Task-11"}
{"asctime": "2025-11-27 11:09:20,729", "levelname": "INFO", "name": "appointments", "message": "Starting background workers", "appointment_id": null, "client_request_id": null, "event": "startup", "taskName": "Task-2"}
{"asctime": "2025-11-27 11:09:20,994", "levelname": "INFO", "name": "appointments", "message": "Received confirm request", "appointment_id": null, "client_request_id": "req_idempotent_success_1", "event": "request.start", "slot_id": "slot_103", "taskName": "Task-11"}
{"asctime": "2025-11-27 11:09:21,006", "levelname": "DEBUG", "name": "appointments", "message": "create_booking attempt start", "appointment_id": null, "client_request_id": "req_idempotent_success_1", "event": null, "slot_id": "slot_103", "mode": null, "CB_FAILURES": 0, "CB_TRIPPED_AT": null, "taskName": "Task-11"}
{"asctime": "2025-11-27 11:09:21,486", "levelname": "INFO", "name": "appointments", "message": "Processing outbox 3", "appointment_id": 3, "client_request_id": "req_idempotent_success_1", "event": "outbox.process", "taskName": "Task-3"}
{"asctime": "2025-11-27 11:09:21,486", "levelname": "DEBUG", "name": "appointments", "message": "create_booking attempt start", "appointment_id": null, "client_request_id": "req_idempotent_success_1", "event": null, "slot_id": "slot_103", "mode": null, "CB_FAILURES": 0, "CB_TRIPPED_AT": null, "taskName": "Task-3"}
{"asctime": "2025-11-27 11:09:33,605", "levelname": "ERROR", "name": "appointments", "message": "Calendar sync failed, appointment rolled back", "appointment_id": 3, "client_request_id": "req_idempotent_success_1", "event": "appointment.rollback", "calendar_error": "Timeout/NetworkError", "taskName": "Task-11"}
{"asctime": "2025-11-27 11:09:33,631", "levelname": "INFO", "name": "appointments", "message": "Received confirm request", "appointment_id": null, "client_request_id": "req_idempotent_success_1", "event": "request.start", "slot_id": "slot_103", "taskName": "Task-13"}
{"asctime": "2025-11-27 11:09:33,642", "levelname": "DEBUG", "name": "appointments", "message": "create_booking attempt start", "appointment_id": null, "client_request_id": "req_idempotent_success_1", "event": null, "slot_id": "slot_103", "mode": null, "CB_FAILURES": 4, "CB_TRIPPED_AT": null, "taskName": "Task-13"}
{"asctime": "2025-11-27 11:09:33,953", "levelname": "INFO", "name": "appointments", "message": "Appointment created and calendar confirmed", "appointment_id": 4, "client_request_id": "req_idempotent_success_1", "event": "appointment.success", "taskName": "Task-13"}
{"asctime": "2025-11-27 11:09:35,001", "levelname": "INFO", "name": "appointments", "message": "Starting background workers", "appointment_id": null, "client_request_id": null, "event": "startup", "taskName": "Task-2"}
{"asctime": "2025-11-27 11:09:35,241", "levelname": "INFO", "name": "appointments", "message": "Received confirm request", "appointment_id": null, "client_request_id": "req_partial_1", "event": "request.start", "slot_id": "slot_104", "taskName": "Task-11"}
{"asctime": "2025-11-27 11:09:35,254", "levelname": "DEBUG", "name": "appointments", "message": "create_booking attempt start", "appointment_id": null, "client_request_id": "req_partial_1", "event": null, "slot_id": "slot_104", "mode": "malformed", "CB_FAILURES": 0, "CB_TRIPPED_AT": null, "taskName": "Task-11"}
{"asctime": "2025-11-27 11:09:35,735", "levelname": "INFO", "name": "appointments", "message": "Processing outbox 5", "appointment_id": 5, "client_request_id": "req_partial_1", "event": "outbox.process", "taskName": "Task-3"}
{"asctime": "2025-11-27 11:09:35,735", "levelname": "DEBUG", "name": "appointments", "message": "create_booking attempt start", "appointment_id": null, "client_request_id": "req_partial_1", "event": null, "slot_id": "slot_104", "mode": "malformed", "CB_FAILURES": 0, "CB_TRIPPED_AT": null, "taskName": "Task-3"}
{"asctime": "2025-11-27 11:09:37,813", "levelname": "ERROR", "name": "appointments", "message": "Calendar sync failed, appointment rolled back", "appointment_id": 5, "client_request_id": "req_partial_1", "event": "appointment.rollback", "calendar_error": "Timeout/NetworkError", "taskName": "Task-11"}
{"asctime": "2025-11-27 11:09:38,881", "levelname": "INFO", "name": "appointments", "message": "Starting background workers", "appointment_id": null, "client_request_id": null, "event": "startup", "taskName": "Task-2"}
{"asctime": "2025-11-27 11:09:39,120", "levelname": "INFO", "name": "appointments", "message": "Received confirm request", "appointment_id": null, "client_request_id": "req_audit_1", "event": "request.start", "slot_id": "slot_105", "taskName": "Task-11"}
{"asctime": "2025-11-27 11:09:39,134", "levelname": "DEBUG", "name": "appointments", "message": "create_booking attempt start", "appointment_id": null, "client_request_id": "req_audit_1", "event": null, "slot_id": "slot_105", "mode": null, "CB_FAILURES": 0, "CB_TRIPPED_AT": null, "taskName": "Task-11"}
{"asctime": "2025-11-27 11:09:39,622", "levelname": "INFO", "name": "appointments", "message": "Processing outbox 6", "appointment_id": 6, "client_request_id": "req_audit_1", "event": "outbox.process", "taskName": "Task-3"}
{"asctime": "2025-11-27 11:09:39,622", "levelname": "DEBUG", "name": "appointments", "message": "create_booking attempt start", "appointment_id": null, "client_request_id": "req_audit_1", "event": null, "slot_id": "slot_105", "mode": null, "CB_FAILURES": 0, "CB_TRIPPED_AT": null, "taskName": "Task-3"}
{"asctime": "2025-11-27 11:09:39,920", "levelname": "INFO", "name": "appointments", "message": "Appointment created and calendar confirmed", "appointment_id": 6, "client_request_id": "req_audit_1", "event": "appointment.success", "taskName": "Task-11"}
{"asctime": "2025-11-27 11:10:44,767", "levelname": "INFO", "name": "appointments", "message": "Starting background workers", "appointment_id": null, "client_request_id": null, "event": "startup", "taskName": "Task-2"}
{"asctime": "2025-11-27 11:10:45,263", "levelname": "INFO", "name": "appointments", "message": "Received confirm request", "appointment_id": null, "client_request_id": "req_normal_1", "event": "request.start", "slot_id": "slot_101", "taskName": "Task-11"}
{"asctime": "2025-11-27 11:10:45,275", "levelname": "DEBUG", "name": "appointments", "message": "create_booking attempt start", "appointment_id": null, "client_request_id": "req_normal_1", "event": null, "slot_id": "slot_101", "mode": null, "CB_FAILURES": 0, "CB_TRIPPED_AT": null, "taskName": "Task-11"}
{"asctime": "2025-11-27 11:10:45,900", "levelname": "INFO", "name": "appointments", "message": "Processing outbox 1", "appointment_id": 1, "client_request_id": "req_normal_1", "event": "outbox.process", "taskName": "Task-3"}
{"asctime": "2025-11-27 11:10:45,900", "levelname": "DEBUG", "name": "appointments", "message": "create_booking attempt start", "appointment_id": null, "client_request_id": "req_normal_1", "event": null, "slot_id": "slot_101", "mode": null, "CB_FAILURES": 0, "CB_TRIPPED_AT": null, "taskName": "Task-3"}
{"asctime": "2025-11-27 11:10:46,296", "levelname": "INFO", "name": "appointments", "message": "Appointment created and calendar confirmed", "appointment_id": 1, "client_request_id": "req_normal_1", "event": "appointment.success", "taskName": "Task-11"}
{"asctime": "2025-11-27 11:10:47,504", "levelname": "INFO", "name": "appointments", "message": "Starting background workers", "appointment_id": null, "client_request_id": null, "event": "startup", "taskName": "Task-2"}
{"asctime": "2025-11-27 11:10:47,617", "levelname": "INFO", "name": "appointments", "message": "Received confirm request", "appointment_id": null, "client_request_id": "req_timeout_1", "event": "request.start", "slot_id": "slot_102", "taskName": "Task-11"}
{"asctime": "2025-11-27 11:10:47,630", "levelname": "DEBUG", "name": "appointments", "message": "create_booking attempt start", "appointment_id": null, "client_request_id": "req_timeout_1", "event": null, "slot_id": "slot_102", "mode": "timeout", "CB_FAILURES": 0, "CB_TRIPPED_AT": null, "taskName": "Task-11"}
{"asctime": "2025-11-27 11:10:48,194", "levelname": "INFO", "name": "appointments", "message": "Processing outbox 2", "appointment_id": 2, "client_request_id": "req_timeout_1", "event": "outbox.process", "taskName": "Task-3"}
{"asctime": "2025-11-27 11:10:48,195", "levelname": "DEBUG", "name": "appointments", "message": "create_booking attempt start", "appointment_id": null, "client_request_id": "req_timeout_1", "event": null, "slot_id": "slot_102", "mode": "timeout", "CB_FAILURES": 0, "CB_TRIPPED_AT": null, "taskName": "Task-3"}
{"asctime": "2025-11-27 11:10:54,385", "levelname": "ERROR", "name": "appointments", "message": "Calendar sync failed, appointment rolled back", "appointment_id": 2, "client_request_id": "req_timeout_1", "event": "appointment.rollback", "calendar_error": "Timeout/NetworkError", "taskName": "Task-11"}
{"asctime": "2025-11-27 11:10:55,444", "levelname": "INFO", "name": "appointments", "message": "Starting background workers", "appointment_id": null, "client_request_id": null, "event": "startup", "taskName": "Task-2"}
{"asctime": "2025-11-27 11:10:55,718", "levelname": "INFO", "name": "appointments", "message": "Received confirm request", "appointment_id": null, "client_request_id": "req_idempotent_success_1", "event": "request.start", "slot_id": "slot_103", "taskName": "Task-11"}
{"asctime": "2025-11-27 11:10:55,729", "levelname": "DEBUG", "name": "appointments", "message": "create_booking attempt start", "appointment_id": null, "client_request_id": "req_idempotent_success_1", "event": null, "slot_id": "slot_103", "mode": null, "CB_FAILURES": 0, "CB_TRIPPED_AT": null, "taskName": "Task-11"}
{"asctime": "2025-11-27 11:10:56,230", "levelname": "INFO", "name": "appointments", "message": "Processing outbox 3", "appointment_id": 3, "client_request_id": "req_idempotent_success_1", "event": "outbox.process", "taskName": "Task-3"}
{"asctime": "2025-11-27 11:10:56,230", "levelname": "DEBUG", "name": "appointments", "message": "create_booking attempt start", "appointment_id": null, "client_request_id": "req_idempotent_success_1", "event": null, "slot_id": "slot_103", "mode": null, "CB_FAILURES": 0, "CB_TRIPPED_AT": null, "taskName": "Task-3"}
{"asctime": "2025-11-27 11:11:08,313", "levelname": "ERROR", "name": "appointments", "message": "Calendar sync failed, appointment rolled back", "appointment_id": 3, "client_request_id": "req_idempotent_success_1", "event": "appointment.rollback", "calendar_error": "Timeout/NetworkError", "taskName": "Task-11"}
{"asctime": "2025-11-27 11:11:08,341", "levelname": "INFO", "name": "appointments", "message": "Received confirm request", "appointment_id": null, "client_request_id": "req_idempotent_success_1", "event": "request.start", "slot_id": "slot_103", "taskName": "Task-13"}
{"asctime": "2025-11-27 11:11:08,355", "levelname": "DEBUG", "name": "appointments", "message": "create_booking attempt start", "appointment_id": null, "client_request_id": "req_idempotent_success_1", "event": null, "slot_id": "slot_103", "mode": null, "CB_FAILURES": 4, "CB_TRIPPED_AT": null, "taskName": "Task-13"}
{"asctime": "2025-11-27 11:11:08,657", "levelname": "INFO", "name": "appointments", "message": "Appointment created and calendar confirmed", "appointment_id": 4, "client_request_id": "req_idempotent_success_1", "event": "appointment.success", "taskName": "Task-13"}
{"asctime": "2025-11-27 11:11:09,674", "levelname": "INFO", "name": "appointments", "message": "Starting background workers", "appointment_id": null, "client_request_id": null, "event": "startup", "taskName": "Task-2"}
{"asctime": "2025-11-27 11:11:09,949", "levelname": "INFO", "name": "appointments", "message": "Received confirm request", "appointment_id": null, "client_request_id": "req_partial_1", "event": "request.start", "slot_id": "slot_104", "taskName": "Task-11"}
{"asctime": "2025-11-27 11:11:09,960", "levelname": "DEBUG", "name": "appointments", "message": "create_booking attempt start", "appointment_id": null, "client_request_id": "req_partial_1", "event": null, "slot_id": "slot_104", "mode": "malformed", "CB_FAILURES": 0, "CB_TRIPPED_AT": null, "taskName": "Task-11"}
{"asctime": "2025-11-27 11:11:10,434", "levelname": "INFO", "name": "appointments", "message": "Processing outbox 5", "appointment_id": 5, "client_request_id": "req_partial_1", "event": "outbox.process", "taskName": "Task-3"}
{"asctime": "2025-11-27 11:11:10,434", "levelname": "DEBUG", "name": "appointments", "message": "create_booking attempt start", "appointment_id": null, "client_request_id": "req_partial_1", "event": null, "slot_id": "slot_104", "mode": "malformed", "CB_FAILURES": 0, "CB_TRIPPED_AT": null, "taskName": "Task-3"}
{"asctime": "2025-11-27 11:11:12,519", "levelname": "ERROR", "name": "appointments", "message": "Calendar sync failed, appointment rolled back", "appointment_id": 5, "client_request_id": "req_partial_1", "event": "appointment.rollback", "calendar_error": "Timeout/NetworkError", "taskName": "Task-11"}
{"asctime": "2025-11-27 11:11:13,557", "levelname": "INFO", "name": "appointments", "message": "Starting background workers", "appointment_id": null, "client_request_id": null, "event": "startup", "taskName": "Task-2"}
{"asctime": "2025-11-27 11:11:13,828", "levelname": "INFO", "name": "appointments", "message": "Received confirm request", "appointment_id": null, "client_request_id": "req_audit_1", "event": "request.start", "slot_id": "slot_105", "taskName": "Task-11"}
{"asctime": "2025-11-27 11:11:13,839", "levelname": "DEBUG", "name": "appointments", "message": "create_booking attempt start", "appointment_id": null, "client_request_id": "req_audit_1", "event": null, "slot_id": "slot_105", "mode": null, "CB_FAILURES": 0, "CB_TRIPPED_AT": null, "taskName": "Task-11"}
{"asctime": "2025-11-27 11:11:14,316", "levelname": "INFO", "name": "appointments", "message": "Processing outbox 6", "appointment_id": 6, "client_request_id": "req_audit_1", "event": "outbox.process", "taskName": "Task-3"}
{"asctime": "2025-11-27 11:11:14,316", "levelname": "DEBUG", "name": "appointments", "message": "create_booking attempt start", "appointment_id": null, "client_request_id": "req_audit_1", "event": null, "slot_id": "slot_105", "mode": null, "CB_FAILURES": 0, "CB_TRIPPED_AT": null, "taskName": "Task-3"}
{"asctime": "2025-11-27 11:11:14,627", "levelname": "INFO", "name": "appointments", "message": "Appointment created and calendar confirmed", "appointment_id": 6, "client_request_id": "req_audit_1", "event": "appointment.success", "taskName": "Task-11"}
